// Jest Snapshot v1, https://goo.gl/fbAQLP

exports[`<Loading /> should render the heading 1`] = `
.c0 {
  display: -webkit-box;
  display: -webkit-flex;
  display: -ms-flexbox;
  display: flex;
  -webkit-flex-direction: column;
  -ms-flex-direction: column;
  flex-direction: column;
  -webkit-align-items: center;
  -webkit-box-align: center;
  -ms-flex-align: center;
  align-items: center;
}

.c0 > img {
  max-width: 20%;
}

.c1 {
  color: #FAFAFA;
  font-size: 1.8rem;
  font-weight: 300;
  margin-bottom: 3.2rem;
}

@media (max-width:768px) {
  .c0 > img {
    min-width: 22rem;
  }
}

<div
  class="c0"
>
  <img
    alt="Joystick heart animation"
    role="img"
    src="/img/loading.gif"
  />
  <p
    class="c1"
  >
    Loading...
  </p>
</div>
`;
